Simulator report for MIC1
Tue Aug 27 01:38:39 2024
Quartus II 64-Bit Version 13.0.1 Build 232 06/12/2013 Service Pack 1 SJ Web Edition


---------------------
; Table of Contents ;
---------------------
  1. Legal Notice
  2. Simulator Summary
  3. Simulator Settings
  4. Simulation Waveforms
  5. Coverage Summary
  6. Complete 1/0-Value Coverage
  7. Missing 1-Value Coverage
  8. Missing 0-Value Coverage
  9. Simulator INI Usage
 10. Simulator Messages



----------------
; Legal Notice ;
----------------
Copyright (C) 1991-2013 Altera Corporation
Your use of Altera Corporation's design tools, logic functions 
and other software and tools, and its AMPP partner logic 
functions, and any output files from any of the foregoing 
(including device programming or simulation files), and any 
associated documentation or information are expressly subject 
to the terms and conditions of the Altera Program License 
Subscription Agreement, Altera MegaCore Function License 
Agreement, or other applicable license agreement, including, 
without limitation, that your use is for the sole purpose of 
programming logic devices manufactured by Altera and sold by 
Altera or its authorized distributors.  Please refer to the 
applicable agreement for further details.



+--------------------------------------------+
; Simulator Summary                          ;
+-----------------------------+--------------+
; Type                        ; Value        ;
+-----------------------------+--------------+
; Simulation Start Time       ; 0 ps         ;
; Simulation End Time         ; 1.0 us       ;
; Simulation Netlist Size     ; 167 nodes    ;
; Simulation Coverage         ;       2.21 % ;
; Total Number of Transitions ; 31           ;
; Simulation Breakpoints      ; 0            ;
; Family                      ; Cyclone II   ;
; Device                      ; EP2C70F896I8 ;
+-----------------------------+--------------+


+----------------------------------------------------------------------------------------------------------------------------------------------------------+
; Simulator Settings                                                                                                                                       ;
+--------------------------------------------------------------------------------------------+---------------------------------------------+---------------+
; Option                                                                                     ; Setting                                     ; Default Value ;
+--------------------------------------------------------------------------------------------+---------------------------------------------+---------------+
; Simulation mode                                                                            ; Timing                                      ; Timing        ;
; Start time                                                                                 ; 0 ns                                        ; 0 ns          ;
; Simulation results format                                                                  ; VWF                                         ;               ;
; Vector input source                                                                        ; C:/Users/elcio/Documents/GitHub/MIC1/SP.vwf ;               ;
; Add pins automatically to simulation output waveforms                                      ; On                                          ; On            ;
; Check outputs                                                                              ; Off                                         ; Off           ;
; Report simulation coverage                                                                 ; On                                          ; On            ;
; Display complete 1/0 value coverage report                                                 ; On                                          ; On            ;
; Display missing 1-value coverage report                                                    ; On                                          ; On            ;
; Display missing 0-value coverage report                                                    ; On                                          ; On            ;
; Detect setup and hold time violations                                                      ; Off                                         ; Off           ;
; Detect glitches                                                                            ; Off                                         ; Off           ;
; Disable timing delays in Timing Simulation                                                 ; Off                                         ; Off           ;
; Generate Signal Activity File                                                              ; Off                                         ; Off           ;
; Generate VCD File for PowerPlay Power Analyzer                                             ; Off                                         ; Off           ;
; Group bus channels in simulation results                                                   ; Off                                         ; Off           ;
; Preserve fewer signal transitions to reduce memory requirements                            ; On                                          ; On            ;
; Trigger vector comparison with the specified mode                                          ; INPUT_EDGE                                  ; INPUT_EDGE    ;
; Disable setup and hold time violations detection in input registers of bi-directional pins ; Off                                         ; Off           ;
; Overwrite Waveform Inputs With Simulation Outputs                                          ; Off                                         ;               ;
; Perform Glitch Filtering in Timing Simulation                                              ; Auto                                        ; Auto          ;
+--------------------------------------------------------------------------------------------+---------------------------------------------+---------------+


+----------------------+
; Simulation Waveforms ;
+----------------------+
Waveform report data cannot be output to ASCII.
Please use Quartus II 64-Bit to view the waveform report data.


+--------------------------------------------------------------------+
; Coverage Summary                                                   ;
+-----------------------------------------------------+--------------+
; Type                                                ; Value        ;
+-----------------------------------------------------+--------------+
; Total coverage as a percentage                      ;       2.21 % ;
; Total nodes checked                                 ; 167          ;
; Total output ports checked                          ; 136          ;
; Total output ports with complete 1/0-value coverage ; 3            ;
; Total output ports with no 1/0-value coverage       ; 123          ;
; Total output ports with no 1-value coverage         ; 125          ;
; Total output ports with no 0-value coverage         ; 131          ;
+-----------------------------------------------------+--------------+


The following table displays output ports that toggle between 1 and 0 during simulation.
+----------------------------------------------------------------------------------------------------+
; Complete 1/0-Value Coverage                                                                        ;
+----------------------------------------+----------------------------------------+------------------+
; Node Name                              ; Output Port Name                       ; Output Port Type ;
+----------------------------------------+----------------------------------------+------------------+
; |SP|REGISTER_32BIT:inst|inst56         ; |SP|REGISTER_32BIT:inst|inst56         ; combout          ;
; |SP|CLOCK                              ; |SP|CLOCK~corein                       ; combout          ;
; |SP|REGISTER_32BIT:inst|inst56~clkctrl ; |SP|REGISTER_32BIT:inst|inst56~clkctrl ; outclk           ;
+----------------------------------------+----------------------------------------+------------------+


The following table displays output ports that do not toggle to 1 during simulation.
+----------------------------------------------------------------------------------------------------------------------------------------+
; Missing 1-Value Coverage                                                                                                               ;
+----------------------------------------------------------+----------------------------------------------------------+------------------+
; Node Name                                                ; Output Port Name                                         ; Output Port Type ;
+----------------------------------------------------------+----------------------------------------------------------+------------------+
; |SP|REGISTER_32BIT:inst|REGISTER_4BIT:inst7|inst1        ; |SP|REGISTER_32BIT:inst|REGISTER_4BIT:inst7|inst1        ; regout           ;
; |SP|inst10~0                                             ; |SP|inst10~0                                             ; combout          ;
; |SP|REGISTER_32BIT:inst|REGISTER_4BIT:inst7|inst4        ; |SP|REGISTER_32BIT:inst|REGISTER_4BIT:inst7|inst4        ; regout           ;
; |SP|REGISTER_32BIT:inst|REGISTER_4BIT:inst5|inst1        ; |SP|REGISTER_32BIT:inst|REGISTER_4BIT:inst5|inst1        ; regout           ;
; |SP|REGISTER_32BIT:inst|REGISTER_4BIT:inst5|inst2        ; |SP|REGISTER_32BIT:inst|REGISTER_4BIT:inst5|inst2        ; regout           ;
; |SP|REGISTER_32BIT:inst|REGISTER_4BIT:inst5|inst3        ; |SP|REGISTER_32BIT:inst|REGISTER_4BIT:inst5|inst3        ; regout           ;
; |SP|REGISTER_32BIT:inst|REGISTER_4BIT:inst5|inst4        ; |SP|REGISTER_32BIT:inst|REGISTER_4BIT:inst5|inst4        ; regout           ;
; |SP|REGISTER_32BIT:inst|REGISTER_4BIT:inst3|inst1        ; |SP|REGISTER_32BIT:inst|REGISTER_4BIT:inst3|inst1        ; regout           ;
; |SP|REGISTER_32BIT:inst|REGISTER_4BIT:inst3|inst2        ; |SP|REGISTER_32BIT:inst|REGISTER_4BIT:inst3|inst2        ; regout           ;
; |SP|REGISTER_32BIT:inst|REGISTER_4BIT:inst3|inst3        ; |SP|REGISTER_32BIT:inst|REGISTER_4BIT:inst3|inst3        ; regout           ;
; |SP|REGISTER_32BIT:inst|REGISTER_4BIT:inst3|inst4        ; |SP|REGISTER_32BIT:inst|REGISTER_4BIT:inst3|inst4        ; regout           ;
; |SP|REGISTER_32BIT:inst|REGISTER_4BIT:inst1|inst1        ; |SP|REGISTER_32BIT:inst|REGISTER_4BIT:inst1|inst1        ; regout           ;
; |SP|REGISTER_32BIT:inst|REGISTER_4BIT:inst1|inst2        ; |SP|REGISTER_32BIT:inst|REGISTER_4BIT:inst1|inst2        ; regout           ;
; |SP|REGISTER_32BIT:inst|REGISTER_4BIT:inst1|inst3        ; |SP|REGISTER_32BIT:inst|REGISTER_4BIT:inst1|inst3        ; regout           ;
; |SP|REGISTER_32BIT:inst|REGISTER_4BIT:inst1|inst4        ; |SP|REGISTER_32BIT:inst|REGISTER_4BIT:inst1|inst4        ; regout           ;
; |SP|REGISTER_32BIT:inst|REGISTER_4BIT:inst6|inst1        ; |SP|REGISTER_32BIT:inst|REGISTER_4BIT:inst6|inst1        ; regout           ;
; |SP|REGISTER_32BIT:inst|REGISTER_4BIT:inst6|inst2        ; |SP|REGISTER_32BIT:inst|REGISTER_4BIT:inst6|inst2        ; regout           ;
; |SP|REGISTER_32BIT:inst|REGISTER_4BIT:inst6|inst3        ; |SP|REGISTER_32BIT:inst|REGISTER_4BIT:inst6|inst3        ; regout           ;
; |SP|REGISTER_32BIT:inst|REGISTER_4BIT:inst6|inst4        ; |SP|REGISTER_32BIT:inst|REGISTER_4BIT:inst6|inst4        ; regout           ;
; |SP|REGISTER_32BIT:inst|REGISTER_4BIT:inst4|inst1        ; |SP|REGISTER_32BIT:inst|REGISTER_4BIT:inst4|inst1        ; regout           ;
; |SP|REGISTER_32BIT:inst|REGISTER_4BIT:inst4|inst3        ; |SP|REGISTER_32BIT:inst|REGISTER_4BIT:inst4|inst3        ; regout           ;
; |SP|REGISTER_32BIT:inst|REGISTER_4BIT:inst4|inst4        ; |SP|REGISTER_32BIT:inst|REGISTER_4BIT:inst4|inst4        ; regout           ;
; |SP|REGISTER_32BIT:inst|REGISTER_4BIT:inst2|inst2        ; |SP|REGISTER_32BIT:inst|REGISTER_4BIT:inst2|inst2        ; regout           ;
; |SP|REGISTER_32BIT:inst|REGISTER_4BIT:inst2|inst3        ; |SP|REGISTER_32BIT:inst|REGISTER_4BIT:inst2|inst3        ; regout           ;
; |SP|REGISTER_32BIT:inst|REGISTER_4BIT:inst|inst1         ; |SP|REGISTER_32BIT:inst|REGISTER_4BIT:inst|inst1         ; regout           ;
; |SP|REGISTER_32BIT:inst|REGISTER_4BIT:inst|inst2         ; |SP|REGISTER_32BIT:inst|REGISTER_4BIT:inst|inst2         ; regout           ;
; |SP|REGISTER_32BIT:inst|REGISTER_4BIT:inst|inst3         ; |SP|REGISTER_32BIT:inst|REGISTER_4BIT:inst|inst3         ; regout           ;
; |SP|REGISTER_32BIT:inst|REGISTER_4BIT:inst|inst4         ; |SP|REGISTER_32BIT:inst|REGISTER_4BIT:inst|inst4         ; regout           ;
; |SP|REGISTER_32BIT:inst|REGISTER_4BIT:inst2|inst1~0      ; |SP|REGISTER_32BIT:inst|REGISTER_4BIT:inst2|inst1~0      ; combout          ;
; |SP|REGISTER_32BIT:inst|REGISTER_4BIT:inst2|inst4~0      ; |SP|REGISTER_32BIT:inst|REGISTER_4BIT:inst2|inst4~0      ; combout          ;
; |SP|OUT_B[31]                                            ; |SP|OUT_B[31]                                            ; padio            ;
; |SP|OUT_B[28]                                            ; |SP|OUT_B[28]                                            ; padio            ;
; |SP|OUT_B[27]                                            ; |SP|OUT_B[27]                                            ; padio            ;
; |SP|OUT_B[26]                                            ; |SP|OUT_B[26]                                            ; padio            ;
; |SP|OUT_B[25]                                            ; |SP|OUT_B[25]                                            ; padio            ;
; |SP|OUT_B[24]                                            ; |SP|OUT_B[24]                                            ; padio            ;
; |SP|OUT_B[23]                                            ; |SP|OUT_B[23]                                            ; padio            ;
; |SP|OUT_B[22]                                            ; |SP|OUT_B[22]                                            ; padio            ;
; |SP|OUT_B[21]                                            ; |SP|OUT_B[21]                                            ; padio            ;
; |SP|OUT_B[20]                                            ; |SP|OUT_B[20]                                            ; padio            ;
; |SP|OUT_B[19]                                            ; |SP|OUT_B[19]                                            ; padio            ;
; |SP|OUT_B[18]                                            ; |SP|OUT_B[18]                                            ; padio            ;
; |SP|OUT_B[17]                                            ; |SP|OUT_B[17]                                            ; padio            ;
; |SP|OUT_B[16]                                            ; |SP|OUT_B[16]                                            ; padio            ;
; |SP|OUT_B[15]                                            ; |SP|OUT_B[15]                                            ; padio            ;
; |SP|OUT_B[14]                                            ; |SP|OUT_B[14]                                            ; padio            ;
; |SP|OUT_B[13]                                            ; |SP|OUT_B[13]                                            ; padio            ;
; |SP|OUT_B[12]                                            ; |SP|OUT_B[12]                                            ; padio            ;
; |SP|OUT_B[11]                                            ; |SP|OUT_B[11]                                            ; padio            ;
; |SP|OUT_B[9]                                             ; |SP|OUT_B[9]                                             ; padio            ;
; |SP|OUT_B[8]                                             ; |SP|OUT_B[8]                                             ; padio            ;
; |SP|OUT_B[7]                                             ; |SP|OUT_B[7]                                             ; padio            ;
; |SP|OUT_B[6]                                             ; |SP|OUT_B[6]                                             ; padio            ;
; |SP|OUT_B[5]                                             ; |SP|OUT_B[5]                                             ; padio            ;
; |SP|OUT_B[4]                                             ; |SP|OUT_B[4]                                             ; padio            ;
; |SP|OUT_B[3]                                             ; |SP|OUT_B[3]                                             ; padio            ;
; |SP|OUT_B[2]                                             ; |SP|OUT_B[2]                                             ; padio            ;
; |SP|OUT_B[1]                                             ; |SP|OUT_B[1]                                             ; padio            ;
; |SP|OUT_B[0]                                             ; |SP|OUT_B[0]                                             ; padio            ;
; |SP|MIR[2]                                               ; |SP|MIR[2]~corein                                        ; combout          ;
; |SP|MIR[3]                                               ; |SP|MIR[3]~corein                                        ; combout          ;
; |SP|MIR[1]                                               ; |SP|MIR[1]~corein                                        ; combout          ;
; |SP|MIR[0]                                               ; |SP|MIR[0]~corein                                        ; combout          ;
; |SP|IN_C[31]                                             ; |SP|IN_C[31]~corein                                      ; combout          ;
; |SP|LOAD                                                 ; |SP|LOAD~corein                                          ; combout          ;
; |SP|IN_C[30]                                             ; |SP|IN_C[30]~corein                                      ; combout          ;
; |SP|IN_C[29]                                             ; |SP|IN_C[29]~corein                                      ; combout          ;
; |SP|IN_C[28]                                             ; |SP|IN_C[28]~corein                                      ; combout          ;
; |SP|IN_C[27]                                             ; |SP|IN_C[27]~corein                                      ; combout          ;
; |SP|IN_C[26]                                             ; |SP|IN_C[26]~corein                                      ; combout          ;
; |SP|IN_C[25]                                             ; |SP|IN_C[25]~corein                                      ; combout          ;
; |SP|IN_C[24]                                             ; |SP|IN_C[24]~corein                                      ; combout          ;
; |SP|IN_C[23]                                             ; |SP|IN_C[23]~corein                                      ; combout          ;
; |SP|IN_C[22]                                             ; |SP|IN_C[22]~corein                                      ; combout          ;
; |SP|IN_C[21]                                             ; |SP|IN_C[21]~corein                                      ; combout          ;
; |SP|IN_C[20]                                             ; |SP|IN_C[20]~corein                                      ; combout          ;
; |SP|IN_C[19]                                             ; |SP|IN_C[19]~corein                                      ; combout          ;
; |SP|IN_C[18]                                             ; |SP|IN_C[18]~corein                                      ; combout          ;
; |SP|IN_C[17]                                             ; |SP|IN_C[17]~corein                                      ; combout          ;
; |SP|IN_C[16]                                             ; |SP|IN_C[16]~corein                                      ; combout          ;
; |SP|IN_C[15]                                             ; |SP|IN_C[15]~corein                                      ; combout          ;
; |SP|IN_C[14]                                             ; |SP|IN_C[14]~corein                                      ; combout          ;
; |SP|IN_C[13]                                             ; |SP|IN_C[13]~corein                                      ; combout          ;
; |SP|IN_C[12]                                             ; |SP|IN_C[12]~corein                                      ; combout          ;
; |SP|IN_C[11]                                             ; |SP|IN_C[11]~corein                                      ; combout          ;
; |SP|IN_C[10]                                             ; |SP|IN_C[10]~corein                                      ; combout          ;
; |SP|IN_C[9]                                              ; |SP|IN_C[9]~corein                                       ; combout          ;
; |SP|IN_C[8]                                              ; |SP|IN_C[8]~corein                                       ; combout          ;
; |SP|IN_C[7]                                              ; |SP|IN_C[7]~corein                                       ; combout          ;
; |SP|IN_C[6]                                              ; |SP|IN_C[6]~corein                                       ; combout          ;
; |SP|IN_C[5]                                              ; |SP|IN_C[5]~corein                                       ; combout          ;
; |SP|IN_C[4]                                              ; |SP|IN_C[4]~corein                                       ; combout          ;
; |SP|IN_C[3]                                              ; |SP|IN_C[3]~corein                                       ; combout          ;
; |SP|IN_C[2]                                              ; |SP|IN_C[2]~corein                                       ; combout          ;
; |SP|IN_C[1]                                              ; |SP|IN_C[1]~corein                                       ; combout          ;
; |SP|IN_C[0]                                              ; |SP|IN_C[0]~corein                                       ; combout          ;
; |SP|MIR[10]                                              ; |SP|MIR[10]~corein                                       ; combout          ;
; |SP|LOAD~clkctrl                                         ; |SP|LOAD~clkctrl                                         ; outclk           ;
; |SP|REGISTER_32BIT:inst|REGISTER_4BIT:inst7|inst1~feeder ; |SP|REGISTER_32BIT:inst|REGISTER_4BIT:inst7|inst1~feeder ; combout          ;
; |SP|REGISTER_32BIT:inst|REGISTER_4BIT:inst7|inst2~feeder ; |SP|REGISTER_32BIT:inst|REGISTER_4BIT:inst7|inst2~feeder ; combout          ;
; |SP|REGISTER_32BIT:inst|REGISTER_4BIT:inst7|inst3~feeder ; |SP|REGISTER_32BIT:inst|REGISTER_4BIT:inst7|inst3~feeder ; combout          ;
; |SP|REGISTER_32BIT:inst|REGISTER_4BIT:inst7|inst4~feeder ; |SP|REGISTER_32BIT:inst|REGISTER_4BIT:inst7|inst4~feeder ; combout          ;
; |SP|REGISTER_32BIT:inst|REGISTER_4BIT:inst5|inst1~feeder ; |SP|REGISTER_32BIT:inst|REGISTER_4BIT:inst5|inst1~feeder ; combout          ;
; |SP|REGISTER_32BIT:inst|REGISTER_4BIT:inst5|inst2~feeder ; |SP|REGISTER_32BIT:inst|REGISTER_4BIT:inst5|inst2~feeder ; combout          ;
; |SP|REGISTER_32BIT:inst|REGISTER_4BIT:inst5|inst3~feeder ; |SP|REGISTER_32BIT:inst|REGISTER_4BIT:inst5|inst3~feeder ; combout          ;
; |SP|REGISTER_32BIT:inst|REGISTER_4BIT:inst3|inst2~feeder ; |SP|REGISTER_32BIT:inst|REGISTER_4BIT:inst3|inst2~feeder ; combout          ;
; |SP|REGISTER_32BIT:inst|REGISTER_4BIT:inst3|inst3~feeder ; |SP|REGISTER_32BIT:inst|REGISTER_4BIT:inst3|inst3~feeder ; combout          ;
; |SP|REGISTER_32BIT:inst|REGISTER_4BIT:inst3|inst4~feeder ; |SP|REGISTER_32BIT:inst|REGISTER_4BIT:inst3|inst4~feeder ; combout          ;
; |SP|REGISTER_32BIT:inst|REGISTER_4BIT:inst1|inst1~feeder ; |SP|REGISTER_32BIT:inst|REGISTER_4BIT:inst1|inst1~feeder ; combout          ;
; |SP|REGISTER_32BIT:inst|REGISTER_4BIT:inst1|inst2~feeder ; |SP|REGISTER_32BIT:inst|REGISTER_4BIT:inst1|inst2~feeder ; combout          ;
; |SP|REGISTER_32BIT:inst|REGISTER_4BIT:inst1|inst3~feeder ; |SP|REGISTER_32BIT:inst|REGISTER_4BIT:inst1|inst3~feeder ; combout          ;
; |SP|REGISTER_32BIT:inst|REGISTER_4BIT:inst1|inst4~feeder ; |SP|REGISTER_32BIT:inst|REGISTER_4BIT:inst1|inst4~feeder ; combout          ;
; |SP|REGISTER_32BIT:inst|REGISTER_4BIT:inst6|inst2~feeder ; |SP|REGISTER_32BIT:inst|REGISTER_4BIT:inst6|inst2~feeder ; combout          ;
; |SP|REGISTER_32BIT:inst|REGISTER_4BIT:inst6|inst3~feeder ; |SP|REGISTER_32BIT:inst|REGISTER_4BIT:inst6|inst3~feeder ; combout          ;
; |SP|REGISTER_32BIT:inst|REGISTER_4BIT:inst6|inst4~feeder ; |SP|REGISTER_32BIT:inst|REGISTER_4BIT:inst6|inst4~feeder ; combout          ;
; |SP|REGISTER_32BIT:inst|REGISTER_4BIT:inst4|inst1~feeder ; |SP|REGISTER_32BIT:inst|REGISTER_4BIT:inst4|inst1~feeder ; combout          ;
; |SP|REGISTER_32BIT:inst|REGISTER_4BIT:inst4|inst2~feeder ; |SP|REGISTER_32BIT:inst|REGISTER_4BIT:inst4|inst2~feeder ; combout          ;
; |SP|REGISTER_32BIT:inst|REGISTER_4BIT:inst4|inst3~feeder ; |SP|REGISTER_32BIT:inst|REGISTER_4BIT:inst4|inst3~feeder ; combout          ;
; |SP|REGISTER_32BIT:inst|REGISTER_4BIT:inst4|inst4~feeder ; |SP|REGISTER_32BIT:inst|REGISTER_4BIT:inst4|inst4~feeder ; combout          ;
; |SP|REGISTER_32BIT:inst|REGISTER_4BIT:inst2|inst2~feeder ; |SP|REGISTER_32BIT:inst|REGISTER_4BIT:inst2|inst2~feeder ; combout          ;
; |SP|REGISTER_32BIT:inst|REGISTER_4BIT:inst2|inst3~feeder ; |SP|REGISTER_32BIT:inst|REGISTER_4BIT:inst2|inst3~feeder ; combout          ;
; |SP|REGISTER_32BIT:inst|REGISTER_4BIT:inst|inst1~feeder  ; |SP|REGISTER_32BIT:inst|REGISTER_4BIT:inst|inst1~feeder  ; combout          ;
; |SP|REGISTER_32BIT:inst|REGISTER_4BIT:inst|inst2~feeder  ; |SP|REGISTER_32BIT:inst|REGISTER_4BIT:inst|inst2~feeder  ; combout          ;
; |SP|REGISTER_32BIT:inst|REGISTER_4BIT:inst|inst3~feeder  ; |SP|REGISTER_32BIT:inst|REGISTER_4BIT:inst|inst3~feeder  ; combout          ;
; |SP|REGISTER_32BIT:inst|REGISTER_4BIT:inst|inst4~feeder  ; |SP|REGISTER_32BIT:inst|REGISTER_4BIT:inst|inst4~feeder  ; combout          ;
+----------------------------------------------------------+----------------------------------------------------------+------------------+


The following table displays output ports that do not toggle to 0 during simulation.
+----------------------------------------------------------------------------------------------------------------------------------------+
; Missing 0-Value Coverage                                                                                                               ;
+----------------------------------------------------------+----------------------------------------------------------+------------------+
; Node Name                                                ; Output Port Name                                         ; Output Port Type ;
+----------------------------------------------------------+----------------------------------------------------------+------------------+
; |SP|REGISTER_32BIT:inst|REGISTER_4BIT:inst7|inst1        ; |SP|REGISTER_32BIT:inst|REGISTER_4BIT:inst7|inst1        ; regout           ;
; |SP|inst10~0                                             ; |SP|inst10~0                                             ; combout          ;
; |SP|REGISTER_32BIT:inst|REGISTER_4BIT:inst7|inst2        ; |SP|REGISTER_32BIT:inst|REGISTER_4BIT:inst7|inst2        ; regout           ;
; |SP|REGISTER_32BIT:inst|REGISTER_4BIT:inst7|inst3        ; |SP|REGISTER_32BIT:inst|REGISTER_4BIT:inst7|inst3        ; regout           ;
; |SP|REGISTER_32BIT:inst|REGISTER_4BIT:inst7|inst4        ; |SP|REGISTER_32BIT:inst|REGISTER_4BIT:inst7|inst4        ; regout           ;
; |SP|REGISTER_32BIT:inst|REGISTER_4BIT:inst5|inst1        ; |SP|REGISTER_32BIT:inst|REGISTER_4BIT:inst5|inst1        ; regout           ;
; |SP|REGISTER_32BIT:inst|REGISTER_4BIT:inst5|inst2        ; |SP|REGISTER_32BIT:inst|REGISTER_4BIT:inst5|inst2        ; regout           ;
; |SP|REGISTER_32BIT:inst|REGISTER_4BIT:inst5|inst3        ; |SP|REGISTER_32BIT:inst|REGISTER_4BIT:inst5|inst3        ; regout           ;
; |SP|REGISTER_32BIT:inst|REGISTER_4BIT:inst5|inst4        ; |SP|REGISTER_32BIT:inst|REGISTER_4BIT:inst5|inst4        ; regout           ;
; |SP|REGISTER_32BIT:inst|REGISTER_4BIT:inst3|inst1        ; |SP|REGISTER_32BIT:inst|REGISTER_4BIT:inst3|inst1        ; regout           ;
; |SP|REGISTER_32BIT:inst|REGISTER_4BIT:inst3|inst2        ; |SP|REGISTER_32BIT:inst|REGISTER_4BIT:inst3|inst2        ; regout           ;
; |SP|REGISTER_32BIT:inst|REGISTER_4BIT:inst3|inst3        ; |SP|REGISTER_32BIT:inst|REGISTER_4BIT:inst3|inst3        ; regout           ;
; |SP|REGISTER_32BIT:inst|REGISTER_4BIT:inst3|inst4        ; |SP|REGISTER_32BIT:inst|REGISTER_4BIT:inst3|inst4        ; regout           ;
; |SP|REGISTER_32BIT:inst|REGISTER_4BIT:inst1|inst1        ; |SP|REGISTER_32BIT:inst|REGISTER_4BIT:inst1|inst1        ; regout           ;
; |SP|REGISTER_32BIT:inst|REGISTER_4BIT:inst1|inst2        ; |SP|REGISTER_32BIT:inst|REGISTER_4BIT:inst1|inst2        ; regout           ;
; |SP|REGISTER_32BIT:inst|REGISTER_4BIT:inst1|inst3        ; |SP|REGISTER_32BIT:inst|REGISTER_4BIT:inst1|inst3        ; regout           ;
; |SP|REGISTER_32BIT:inst|REGISTER_4BIT:inst1|inst4        ; |SP|REGISTER_32BIT:inst|REGISTER_4BIT:inst1|inst4        ; regout           ;
; |SP|REGISTER_32BIT:inst|REGISTER_4BIT:inst6|inst1        ; |SP|REGISTER_32BIT:inst|REGISTER_4BIT:inst6|inst1        ; regout           ;
; |SP|REGISTER_32BIT:inst|REGISTER_4BIT:inst6|inst2        ; |SP|REGISTER_32BIT:inst|REGISTER_4BIT:inst6|inst2        ; regout           ;
; |SP|REGISTER_32BIT:inst|REGISTER_4BIT:inst6|inst3        ; |SP|REGISTER_32BIT:inst|REGISTER_4BIT:inst6|inst3        ; regout           ;
; |SP|REGISTER_32BIT:inst|REGISTER_4BIT:inst6|inst4        ; |SP|REGISTER_32BIT:inst|REGISTER_4BIT:inst6|inst4        ; regout           ;
; |SP|REGISTER_32BIT:inst|REGISTER_4BIT:inst4|inst1        ; |SP|REGISTER_32BIT:inst|REGISTER_4BIT:inst4|inst1        ; regout           ;
; |SP|REGISTER_32BIT:inst|REGISTER_4BIT:inst4|inst2        ; |SP|REGISTER_32BIT:inst|REGISTER_4BIT:inst4|inst2        ; regout           ;
; |SP|REGISTER_32BIT:inst|REGISTER_4BIT:inst4|inst3        ; |SP|REGISTER_32BIT:inst|REGISTER_4BIT:inst4|inst3        ; regout           ;
; |SP|REGISTER_32BIT:inst|REGISTER_4BIT:inst4|inst4        ; |SP|REGISTER_32BIT:inst|REGISTER_4BIT:inst4|inst4        ; regout           ;
; |SP|REGISTER_32BIT:inst|REGISTER_4BIT:inst2|inst1        ; |SP|REGISTER_32BIT:inst|REGISTER_4BIT:inst2|inst1        ; regout           ;
; |SP|REGISTER_32BIT:inst|REGISTER_4BIT:inst2|inst2        ; |SP|REGISTER_32BIT:inst|REGISTER_4BIT:inst2|inst2        ; regout           ;
; |SP|REGISTER_32BIT:inst|REGISTER_4BIT:inst2|inst3        ; |SP|REGISTER_32BIT:inst|REGISTER_4BIT:inst2|inst3        ; regout           ;
; |SP|REGISTER_32BIT:inst|REGISTER_4BIT:inst2|inst4        ; |SP|REGISTER_32BIT:inst|REGISTER_4BIT:inst2|inst4        ; regout           ;
; |SP|REGISTER_32BIT:inst|REGISTER_4BIT:inst|inst1         ; |SP|REGISTER_32BIT:inst|REGISTER_4BIT:inst|inst1         ; regout           ;
; |SP|REGISTER_32BIT:inst|REGISTER_4BIT:inst|inst2         ; |SP|REGISTER_32BIT:inst|REGISTER_4BIT:inst|inst2         ; regout           ;
; |SP|REGISTER_32BIT:inst|REGISTER_4BIT:inst|inst3         ; |SP|REGISTER_32BIT:inst|REGISTER_4BIT:inst|inst3         ; regout           ;
; |SP|REGISTER_32BIT:inst|REGISTER_4BIT:inst|inst4         ; |SP|REGISTER_32BIT:inst|REGISTER_4BIT:inst|inst4         ; regout           ;
; |SP|REGISTER_32BIT:inst|REGISTER_4BIT:inst2|inst1~0      ; |SP|REGISTER_32BIT:inst|REGISTER_4BIT:inst2|inst1~0      ; combout          ;
; |SP|REGISTER_32BIT:inst|REGISTER_4BIT:inst2|inst4~0      ; |SP|REGISTER_32BIT:inst|REGISTER_4BIT:inst2|inst4~0      ; combout          ;
; |SP|OUT_B[31]                                            ; |SP|OUT_B[31]                                            ; padio            ;
; |SP|OUT_B[30]                                            ; |SP|OUT_B[30]                                            ; padio            ;
; |SP|OUT_B[29]                                            ; |SP|OUT_B[29]                                            ; padio            ;
; |SP|OUT_B[28]                                            ; |SP|OUT_B[28]                                            ; padio            ;
; |SP|OUT_B[27]                                            ; |SP|OUT_B[27]                                            ; padio            ;
; |SP|OUT_B[26]                                            ; |SP|OUT_B[26]                                            ; padio            ;
; |SP|OUT_B[25]                                            ; |SP|OUT_B[25]                                            ; padio            ;
; |SP|OUT_B[24]                                            ; |SP|OUT_B[24]                                            ; padio            ;
; |SP|OUT_B[23]                                            ; |SP|OUT_B[23]                                            ; padio            ;
; |SP|OUT_B[22]                                            ; |SP|OUT_B[22]                                            ; padio            ;
; |SP|OUT_B[21]                                            ; |SP|OUT_B[21]                                            ; padio            ;
; |SP|OUT_B[20]                                            ; |SP|OUT_B[20]                                            ; padio            ;
; |SP|OUT_B[19]                                            ; |SP|OUT_B[19]                                            ; padio            ;
; |SP|OUT_B[18]                                            ; |SP|OUT_B[18]                                            ; padio            ;
; |SP|OUT_B[17]                                            ; |SP|OUT_B[17]                                            ; padio            ;
; |SP|OUT_B[16]                                            ; |SP|OUT_B[16]                                            ; padio            ;
; |SP|OUT_B[15]                                            ; |SP|OUT_B[15]                                            ; padio            ;
; |SP|OUT_B[14]                                            ; |SP|OUT_B[14]                                            ; padio            ;
; |SP|OUT_B[13]                                            ; |SP|OUT_B[13]                                            ; padio            ;
; |SP|OUT_B[12]                                            ; |SP|OUT_B[12]                                            ; padio            ;
; |SP|OUT_B[11]                                            ; |SP|OUT_B[11]                                            ; padio            ;
; |SP|OUT_B[10]                                            ; |SP|OUT_B[10]                                            ; padio            ;
; |SP|OUT_B[9]                                             ; |SP|OUT_B[9]                                             ; padio            ;
; |SP|OUT_B[8]                                             ; |SP|OUT_B[8]                                             ; padio            ;
; |SP|OUT_B[6]                                             ; |SP|OUT_B[6]                                             ; padio            ;
; |SP|OUT_B[5]                                             ; |SP|OUT_B[5]                                             ; padio            ;
; |SP|OUT_B[3]                                             ; |SP|OUT_B[3]                                             ; padio            ;
; |SP|OUT_B[2]                                             ; |SP|OUT_B[2]                                             ; padio            ;
; |SP|OUT_B[1]                                             ; |SP|OUT_B[1]                                             ; padio            ;
; |SP|OUT_B[0]                                             ; |SP|OUT_B[0]                                             ; padio            ;
; |SP|MIR[2]                                               ; |SP|MIR[2]~corein                                        ; combout          ;
; |SP|MIR[3]                                               ; |SP|MIR[3]~corein                                        ; combout          ;
; |SP|MIR[1]                                               ; |SP|MIR[1]~corein                                        ; combout          ;
; |SP|MIR[0]                                               ; |SP|MIR[0]~corein                                        ; combout          ;
; |SP|IN_C[31]                                             ; |SP|IN_C[31]~corein                                      ; combout          ;
; |SP|LOAD                                                 ; |SP|LOAD~corein                                          ; combout          ;
; |SP|IN_C[30]                                             ; |SP|IN_C[30]~corein                                      ; combout          ;
; |SP|IN_C[29]                                             ; |SP|IN_C[29]~corein                                      ; combout          ;
; |SP|IN_C[28]                                             ; |SP|IN_C[28]~corein                                      ; combout          ;
; |SP|IN_C[27]                                             ; |SP|IN_C[27]~corein                                      ; combout          ;
; |SP|IN_C[26]                                             ; |SP|IN_C[26]~corein                                      ; combout          ;
; |SP|IN_C[25]                                             ; |SP|IN_C[25]~corein                                      ; combout          ;
; |SP|IN_C[24]                                             ; |SP|IN_C[24]~corein                                      ; combout          ;
; |SP|IN_C[23]                                             ; |SP|IN_C[23]~corein                                      ; combout          ;
; |SP|IN_C[22]                                             ; |SP|IN_C[22]~corein                                      ; combout          ;
; |SP|IN_C[21]                                             ; |SP|IN_C[21]~corein                                      ; combout          ;
; |SP|IN_C[20]                                             ; |SP|IN_C[20]~corein                                      ; combout          ;
; |SP|IN_C[19]                                             ; |SP|IN_C[19]~corein                                      ; combout          ;
; |SP|IN_C[18]                                             ; |SP|IN_C[18]~corein                                      ; combout          ;
; |SP|IN_C[17]                                             ; |SP|IN_C[17]~corein                                      ; combout          ;
; |SP|IN_C[16]                                             ; |SP|IN_C[16]~corein                                      ; combout          ;
; |SP|IN_C[15]                                             ; |SP|IN_C[15]~corein                                      ; combout          ;
; |SP|IN_C[14]                                             ; |SP|IN_C[14]~corein                                      ; combout          ;
; |SP|IN_C[13]                                             ; |SP|IN_C[13]~corein                                      ; combout          ;
; |SP|IN_C[12]                                             ; |SP|IN_C[12]~corein                                      ; combout          ;
; |SP|IN_C[11]                                             ; |SP|IN_C[11]~corein                                      ; combout          ;
; |SP|IN_C[10]                                             ; |SP|IN_C[10]~corein                                      ; combout          ;
; |SP|IN_C[9]                                              ; |SP|IN_C[9]~corein                                       ; combout          ;
; |SP|IN_C[8]                                              ; |SP|IN_C[8]~corein                                       ; combout          ;
; |SP|IN_C[7]                                              ; |SP|IN_C[7]~corein                                       ; combout          ;
; |SP|IN_C[6]                                              ; |SP|IN_C[6]~corein                                       ; combout          ;
; |SP|IN_C[5]                                              ; |SP|IN_C[5]~corein                                       ; combout          ;
; |SP|IN_C[4]                                              ; |SP|IN_C[4]~corein                                       ; combout          ;
; |SP|IN_C[3]                                              ; |SP|IN_C[3]~corein                                       ; combout          ;
; |SP|IN_C[2]                                              ; |SP|IN_C[2]~corein                                       ; combout          ;
; |SP|IN_C[1]                                              ; |SP|IN_C[1]~corein                                       ; combout          ;
; |SP|IN_C[0]                                              ; |SP|IN_C[0]~corein                                       ; combout          ;
; |SP|MIR[10]                                              ; |SP|MIR[10]~corein                                       ; combout          ;
; |SP|LOAD~clkctrl                                         ; |SP|LOAD~clkctrl                                         ; outclk           ;
; |SP|REGISTER_32BIT:inst|REGISTER_4BIT:inst7|inst1~feeder ; |SP|REGISTER_32BIT:inst|REGISTER_4BIT:inst7|inst1~feeder ; combout          ;
; |SP|REGISTER_32BIT:inst|REGISTER_4BIT:inst7|inst2~feeder ; |SP|REGISTER_32BIT:inst|REGISTER_4BIT:inst7|inst2~feeder ; combout          ;
; |SP|REGISTER_32BIT:inst|REGISTER_4BIT:inst7|inst3~feeder ; |SP|REGISTER_32BIT:inst|REGISTER_4BIT:inst7|inst3~feeder ; combout          ;
; |SP|REGISTER_32BIT:inst|REGISTER_4BIT:inst7|inst4~feeder ; |SP|REGISTER_32BIT:inst|REGISTER_4BIT:inst7|inst4~feeder ; combout          ;
; |SP|REGISTER_32BIT:inst|REGISTER_4BIT:inst5|inst1~feeder ; |SP|REGISTER_32BIT:inst|REGISTER_4BIT:inst5|inst1~feeder ; combout          ;
; |SP|REGISTER_32BIT:inst|REGISTER_4BIT:inst5|inst2~feeder ; |SP|REGISTER_32BIT:inst|REGISTER_4BIT:inst5|inst2~feeder ; combout          ;
; |SP|REGISTER_32BIT:inst|REGISTER_4BIT:inst5|inst3~feeder ; |SP|REGISTER_32BIT:inst|REGISTER_4BIT:inst5|inst3~feeder ; combout          ;
; |SP|REGISTER_32BIT:inst|REGISTER_4BIT:inst3|inst2~feeder ; |SP|REGISTER_32BIT:inst|REGISTER_4BIT:inst3|inst2~feeder ; combout          ;
; |SP|REGISTER_32BIT:inst|REGISTER_4BIT:inst3|inst3~feeder ; |SP|REGISTER_32BIT:inst|REGISTER_4BIT:inst3|inst3~feeder ; combout          ;
; |SP|REGISTER_32BIT:inst|REGISTER_4BIT:inst3|inst4~feeder ; |SP|REGISTER_32BIT:inst|REGISTER_4BIT:inst3|inst4~feeder ; combout          ;
; |SP|REGISTER_32BIT:inst|REGISTER_4BIT:inst1|inst1~feeder ; |SP|REGISTER_32BIT:inst|REGISTER_4BIT:inst1|inst1~feeder ; combout          ;
; |SP|REGISTER_32BIT:inst|REGISTER_4BIT:inst1|inst2~feeder ; |SP|REGISTER_32BIT:inst|REGISTER_4BIT:inst1|inst2~feeder ; combout          ;
; |SP|REGISTER_32BIT:inst|REGISTER_4BIT:inst1|inst3~feeder ; |SP|REGISTER_32BIT:inst|REGISTER_4BIT:inst1|inst3~feeder ; combout          ;
; |SP|REGISTER_32BIT:inst|REGISTER_4BIT:inst1|inst4~feeder ; |SP|REGISTER_32BIT:inst|REGISTER_4BIT:inst1|inst4~feeder ; combout          ;
; |SP|REGISTER_32BIT:inst|REGISTER_4BIT:inst6|inst2~feeder ; |SP|REGISTER_32BIT:inst|REGISTER_4BIT:inst6|inst2~feeder ; combout          ;
; |SP|REGISTER_32BIT:inst|REGISTER_4BIT:inst6|inst3~feeder ; |SP|REGISTER_32BIT:inst|REGISTER_4BIT:inst6|inst3~feeder ; combout          ;
; |SP|REGISTER_32BIT:inst|REGISTER_4BIT:inst6|inst4~feeder ; |SP|REGISTER_32BIT:inst|REGISTER_4BIT:inst6|inst4~feeder ; combout          ;
; |SP|REGISTER_32BIT:inst|REGISTER_4BIT:inst4|inst1~feeder ; |SP|REGISTER_32BIT:inst|REGISTER_4BIT:inst4|inst1~feeder ; combout          ;
; |SP|REGISTER_32BIT:inst|REGISTER_4BIT:inst4|inst2~feeder ; |SP|REGISTER_32BIT:inst|REGISTER_4BIT:inst4|inst2~feeder ; combout          ;
; |SP|REGISTER_32BIT:inst|REGISTER_4BIT:inst4|inst3~feeder ; |SP|REGISTER_32BIT:inst|REGISTER_4BIT:inst4|inst3~feeder ; combout          ;
; |SP|REGISTER_32BIT:inst|REGISTER_4BIT:inst4|inst4~feeder ; |SP|REGISTER_32BIT:inst|REGISTER_4BIT:inst4|inst4~feeder ; combout          ;
; |SP|REGISTER_32BIT:inst|REGISTER_4BIT:inst2|inst2~feeder ; |SP|REGISTER_32BIT:inst|REGISTER_4BIT:inst2|inst2~feeder ; combout          ;
; |SP|REGISTER_32BIT:inst|REGISTER_4BIT:inst2|inst3~feeder ; |SP|REGISTER_32BIT:inst|REGISTER_4BIT:inst2|inst3~feeder ; combout          ;
; |SP|REGISTER_32BIT:inst|REGISTER_4BIT:inst|inst1~feeder  ; |SP|REGISTER_32BIT:inst|REGISTER_4BIT:inst|inst1~feeder  ; combout          ;
; |SP|REGISTER_32BIT:inst|REGISTER_4BIT:inst|inst2~feeder  ; |SP|REGISTER_32BIT:inst|REGISTER_4BIT:inst|inst2~feeder  ; combout          ;
; |SP|REGISTER_32BIT:inst|REGISTER_4BIT:inst|inst3~feeder  ; |SP|REGISTER_32BIT:inst|REGISTER_4BIT:inst|inst3~feeder  ; combout          ;
; |SP|REGISTER_32BIT:inst|REGISTER_4BIT:inst|inst4~feeder  ; |SP|REGISTER_32BIT:inst|REGISTER_4BIT:inst|inst4~feeder  ; combout          ;
+----------------------------------------------------------+----------------------------------------------------------+------------------+


+---------------------+
; Simulator INI Usage ;
+--------+------------+
; Option ; Usage      ;
+--------+------------+


+--------------------+
; Simulator Messages ;
+--------------------+
Info: *******************************************************************
Info: Running Quartus II 64-Bit Simulator
    Info: Version 13.0.1 Build 232 06/12/2013 Service Pack 1 SJ Web Edition
    Info: Processing started: Tue Aug 27 01:38:39 2024
Info: Command: quartus_sim --simulation_results_format=VWF MIC1 -c MIC1
Info (324025): Using vector source file "C:/Users/elcio/Documents/GitHub/MIC1/SP.vwf"
Info (328054): Inverted registers were found during simulation
    Info (328055): Register: |SP|REGISTER_32BIT:inst|REGISTER_4BIT:inst2|inst1
    Info (328055): Register: |SP|REGISTER_32BIT:inst|REGISTER_4BIT:inst2|inst4
Info (310003): Option to preserve fewer signal transitions to reduce memory requirements is enabled
    Info (310004): Simulation has been partitioned into sub-simulations according to the maximum transition count determined by the engine. Transitions from memory will be flushed out to disk at the end of each sub-simulation to reduce memory requirements.
Info (310002): Simulation partitioned into 1 sub-simulations
Info (328053): Simulation coverage is       2.21 %
Info (328052): Number of transitions in simulation is 31
Info (324045): Vector file MIC1.sim.vwf is saved in VWF text format. You can compress it into CVWF format in order to reduce file size. For more details please refer to the Quartus II Help.
Info: Quartus II 64-Bit Simulator was successful. 0 errors, 0 warnings
    Info: Peak virtual memory: 4473 megabytes
    Info: Processing ended: Tue Aug 27 01:38:39 2024
    Info: Elapsed time: 00:00:00
    Info: Total CPU time (on all processors): 00:00:00


